this is a new test file for feature-branch-test1